default 3
timeout 300
splashimage /image.xpm.gz
find --set-root  /font.gz
fontfile /font.gz
title       ===========================================================   
clear
title                     ★WinPE Linux Livecd 珍藏版★                    
clear
title       ===========================================================  
clear


title [00]--启动 Archlinux archboot x86_64
kernel /archboot/vmlinuz_x86_64 cgroup_disable=memory rootdelay=10 rootfstype=ramfs
initrd  /archboot/intel-ucode.img
initrd /archboot/initramfs_x86_64.img

title [01]--启动 Debian LiveCD
find --set-root /debian/debian-iso-is-here
# debian
kernel /debian/vmlinuz boot=live findiso=/debian/debian.iso components locales=zh_CN.UTF-8
initrd /debian/initrd.img
## ubuntu
#kernel /debian/vmlinuz boot=casper iso-scan/filename=/debian/ubuntu.iso oprompt noeject locale=zh_CN.UTF-8
#initrd /debian/initrd
## deepin
#kernel /debian/vmlinuz boot=live findiso=/debian/deepin.iso components live-config union=overlay locale=zh_CN.UTF-8
#initrd /debian/initrd.lz

title [02]--启动 Grub2 File Manager
map --mem /grubfm/grubfm.iso (0xff)
map --hook
chainloader (0xff)

title [03]--启动 Windows bootmgr
chainloader /winpe/bootmgr
title
clear

title [04]--启动小马WINPE 2K3                                         
configfile /minipe/xiaoma.lst

title [05]--启动MenuetOS.IMG
map --mem /img/MenuetOS.IMG (fd0)
map --hook
chainloader (fd0)+1
rootnoverify (fd0)
map --floppies=1
boot

title [06]--启动深山红叶DOS工具箱(WPS)
map --mem /img/DOS98.IMG (fd0)
map --hook
chainloader (fd0)+1
rootnoverify (fd0)
map --floppies=1
boot

title [07]--启动 chameleon (G430-DSDT)
kernel /chameleon
boot

title [08]--启动veket 美好事物Linux
root (hd0,0)
kernel /veket/vmlinuz root=/dev/ram0 PMEDIA=usbflash
initrd /veket/initrd.gz
title
clear

title [09]--启动本机windows
map (hd0) (hd1)
map (hd1) (hd0)
map --hook
rootnoverify (hd0,3)
makeactive
chainloader +1

title [10]--重新启动计算机
reboot

